******************************************************************************
                  TI ARM Linker PC v20.2.7                     
******************************************************************************
>> Linked Wed Nov  9 14:00:15 2022

OUTPUT FILE NAME:   <ControlServo.out>
ENTRY POINT SYMBOL: "_c_int00_noinit_noargs"  address: 0000072d


MEMORY CONFIGURATION

         name            origin    length      used     unused   attr    fill
----------------------  --------  ---------  --------  --------  ----  --------
  FLASH                 00000000   00040000  00000934  0003f6cc  R  X
  SRAM                  20000000   00008000  00000200  00007e00  RW X


SEGMENT ALLOCATION MAP

run origin  load origin   length   init length attrs members
----------  ----------- ---------- ----------- ----- -------
00000000    00000000    00000934   00000934    r-x
  00000000    00000000    0000026c   0000026c    r-- .intvecs
  0000026c    0000026c    000005cc   000005cc    r-x .text
  00000838    00000838    000000fc   000000fc    r-- .const
20000000    20000000    00000200   00000000    rw-
  20000000    20000000    00000200   00000000    rw- .stack


SECTION ALLOCATION MAP

 output                                  attributes/
section   page    origin      length       input sections
--------  ----  ----------  ----------   ----------------
.intvecs   0    00000000    0000026c     
                  00000000    0000026c     tm4c123gh6pm_startup_ccs.obj (.intvecs)

.text      0    0000026c    000005cc     
                  0000026c    00000148     main.obj (.text)
                  000003b4    00000130     driverlib.lib : gpio.obj (.text:GPIOPadConfigSet)
                  000004e4    00000104                   : sysctl.obj (.text:SysCtlClockSet)
                  000005e8    000000c8                   : sysctl.obj (.text:SysCtlClockGet)
                  000006b0    00000048                   : gpio.obj (.text:GPIOPinConfigure)
                  000006f8    00000034                   : sysctl.obj (.text:SysCtlPeripheralEnable)
                  0000072c    0000002c     rtsv7M4_T_le_v4SPD16_eabi.lib : boot_cortex_m.c.obj (.text:_c_int00_noinit_noargs:_c_int00_noinit_noargs)
                  00000758    0000002a     driverlib.lib : gpio.obj (.text:GPIODirModeSet)
                  00000782    00000022                   : pwm.obj (.text:PWMGenConfigure)
                  000007a4    0000001e                   : pwm.obj (.text:PWMPulseWidthSet)
                  000007c2    00000002     --HOLE-- [fill = 0]
                  000007c4    00000014                   : sysctl.obj (.text:SysCtlPWMClockSet)
                  000007d8    00000012                   : gpio.obj (.text:GPIOPinTypePWM)
                  000007ea    00000012                   : pwm.obj (.text:PWMOutputState)
                  000007fc    00000010                   : pwm.obj (.text:PWMGenPeriodSet)
                  0000080c    0000000c                   : pwm.obj (.text:PWMGenEnable)
                  00000818    0000000c     tm4c123gh6pm_startup_ccs.obj (.text)
                  00000824    00000006     driverlib.lib : gpio.obj (.text:GPIOPinRead)
                  0000082a    00000006                   : sysctl.obj (.text:SysCtlDelay)
                  00000830    00000004     rtsv7M4_T_le_v4SPD16_eabi.lib : pre_init.c.obj (.text:_system_pre_init)
                  00000834    00000004                                   : exit.c.obj (.text:abort:abort)

.const     0    00000838    000000fc     
                  00000838    00000090     driverlib.lib : gpio.obj (.const:g_pui32GPIOBaseAddrs)
                  000008c8    0000006c                   : sysctl.obj (.const:g_pui32Xtals)

.cinit     0    00000000    00000000     UNINITIALIZED

.init_array 
*          0    00000000    00000000     UNINITIALIZED

.stack     0    20000000    00000200     UNINITIALIZED
                  20000000    00000004     rtsv7M4_T_le_v4SPD16_eabi.lib : boot_cortex_m.c.obj (.stack)
                  20000004    000001fc     --HOLE--

__llvm_prf_cnts 
*          0    20000000    00000000     UNINITIALIZED

MODULE SUMMARY

       Module                         code   ro data   rw data
       ------                         ----   -------   -------
    .\
       tm4c123gh6pm_startup_ccs.obj   12     620       0      
       main.obj                       328    0         0      
    +--+------------------------------+------+---------+---------+
       Total:                         340    620       0      
                                                              
    C:/ti/TivaWare_C_Series-2.0.1.11577/driverlib/ccs/Debug/driverlib.lib
       sysctl.obj                     538    108       0      
       gpio.obj                       442    144       0      
       pwm.obj                        110    0         0      
    +--+------------------------------+------+---------+---------+
       Total:                         1090   252       0      
                                                              
    C:\ti\ccs1210\ccs\tools\compiler\ti-cgt-arm_20.2.7.LTS\lib\rtsv7M4_T_le_v4SPD16_eabi.lib
       boot_cortex_m.c.obj            44     0         0      
       exit.c.obj                     4      0         0      
       pre_init.c.obj                 4      0         0      
    +--+------------------------------+------+---------+---------+
       Total:                         52     0         0      
                                                              
       Stack:                         0      0         512    
    +--+------------------------------+------+---------+---------+
       Grand Total:                   1482   872       512    


GLOBAL SYMBOLS: SORTED ALPHABETICALLY BY Name 

address   name                   
-------   ----                   
00000835  C$$EXIT                
00000759  GPIODirModeSet         
000003b5  GPIOPadConfigSet       
000006b1  GPIOPinConfigure       
00000825  GPIOPinRead            
000007d9  GPIOPinTypePWM         
00000783  PWMGenConfigure        
0000080d  PWMGenEnable           
000007fd  PWMGenPeriodSet        
000007eb  PWMOutputState         
000007a5  PWMPulseWidthSet       
00000819  ResetISR               
000005e9  SysCtlClockGet         
000004e5  SysCtlClockSet         
0000082b  SysCtlDelay            
000007c5  SysCtlPWMClockSet      
000006f9  SysCtlPeripheralEnable 
20000200  __STACK_END            
00000200  __STACK_SIZE           
20000200  __STACK_TOP            
ffffffff  __TI_pprof_out_hndl    
ffffffff  __TI_prof_data_size    
ffffffff  __TI_prof_data_start   
00000000  __TI_static_base__     
ffffffff  __binit__              
ffffffff  __c_args__             
UNDEFED   __mpu_init             
20000000  __stack                
20000000  __start___llvm_prf_cnts
20000000  __stop___llvm_prf_cnts 
0000072d  _c_int00_noinit_noargs 
00000831  _system_pre_init       
00000835  abort                  
ffffffff  binit                  
00000000  g_pfnVectors           
0000026d  main                   


GLOBAL SYMBOLS: SORTED BY Symbol Address 

address   name                   
-------   ----                   
00000000  __TI_static_base__     
00000000  g_pfnVectors           
00000200  __STACK_SIZE           
0000026d  main                   
000003b5  GPIOPadConfigSet       
000004e5  SysCtlClockSet         
000005e9  SysCtlClockGet         
000006b1  GPIOPinConfigure       
000006f9  SysCtlPeripheralEnable 
0000072d  _c_int00_noinit_noargs 
00000759  GPIODirModeSet         
00000783  PWMGenConfigure        
000007a5  PWMPulseWidthSet       
000007c5  SysCtlPWMClockSet      
000007d9  GPIOPinTypePWM         
000007eb  PWMOutputState         
000007fd  PWMGenPeriodSet        
0000080d  PWMGenEnable           
00000819  ResetISR               
00000825  GPIOPinRead            
0000082b  SysCtlDelay            
00000831  _system_pre_init       
00000835  C$$EXIT                
00000835  abort                  
20000000  __stack                
20000000  __start___llvm_prf_cnts
20000000  __stop___llvm_prf_cnts 
20000200  __STACK_END            
20000200  __STACK_TOP            
ffffffff  __TI_pprof_out_hndl    
ffffffff  __TI_prof_data_size    
ffffffff  __TI_prof_data_start   
ffffffff  __binit__              
ffffffff  __c_args__             
ffffffff  binit                  
UNDEFED   __mpu_init             

[36 symbols]
