******************************************************************************
                  TI ARM Linker PC v20.2.7                     
******************************************************************************
>> Linked Wed Nov  9 14:01:03 2022

OUTPUT FILE NAME:   <ShowMPUData.out>
ENTRY POINT SYMBOL: "_c_int00_noargs"  address: 00002fa5


MEMORY CONFIGURATION

         name            origin    length      used     unused   attr    fill
----------------------  --------  ---------  --------  --------  ----  --------
  FLASH                 00000000   00040000  000032c2  0003cd3e  R  X
  SRAM                  20000000   00008000  000003c0  00007c40  RW X


SEGMENT ALLOCATION MAP

run origin  load origin   length   init length attrs members
----------  ----------- ---------- ----------- ----- -------
00000000    00000000    000032c8   000032c8    r-x
  00000000    00000000    0000026c   0000026c    r-- .intvecs
  0000026c    0000026c    00002e92   00002e92    r-x .text
  00003100    00003100    00000174   00000174    r-- .const
  00003278    00003278    00000050   00000050    r-- .cinit
20000000    20000000    000003c0   00000000    rw-
  20000000    20000000    00000200   00000000    rw- .stack
  20000200    20000200    00000180   00000000    rw- .bss
  20000380    20000380    00000040   00000000    rw- .data


SECTION ALLOCATION MAP

 output                                  attributes/
section   page    origin      length       input sections
--------  ----  ----------  ----------   ----------------
.intvecs   0    00000000    0000026c     
                  00000000    0000026c     tm4c123gh6pm_startup_ccs.obj (.intvecs)

.text      0    0000026c    00002e92     
                  0000026c    00000bf0     i2cm_drv.obj (.text)
                  00000e5c    00000900     mpu6050.obj (.text)
                  0000175c    000003d4     rtsv7M4_T_le_v4SPD16_eabi.lib : e_asin.c.obj (.text:asin)
                  00001b30    000003a8     main.obj (.text)
                  00001ed8    0000032c     I2C.obj (.text)
                  00002204    000001b6     rtsv7M4_T_le_v4SPD16_eabi.lib : fd_add_t2.asm.obj (.text)
                  000023ba    00000002     --HOLE-- [fill = 0]
                  000023bc    00000158                                   : e_sqrt.c.obj (.text:sqrt)
                  00002514    00000136                                   : fd_div_t2.asm.obj (.text)
                  0000264a    00000130     driverlib.lib : gpio.obj (.text:GPIOPadConfigSet)
                  0000277a    00000002     --HOLE-- [fill = 0]
                  0000277c    00000104                   : sysctl.obj (.text:SysCtlClockSet)
                  00002880    000000fc     rtsv7M4_T_le_v4SPD16_eabi.lib : fd_mul_t2.asm.obj (.text)
                  0000297c    000000c8     driverlib.lib : sysctl.obj (.text:SysCtlClockGet)
                  00002a44    0000009c     rtsv7M4_T_le_v4SPD16_eabi.lib : memcpy_t2.asm.obj (.text)
                  00002ae0    00000086                                   : fd_cmp_t2.asm.obj (.text:__aeabi_cdrcmple)
                  00002b66    0000006e                                   : fd_tos_t2.asm.obj (.text)
                  00002bd4    00000068                                   : copy_decompress_lzss.c.obj (.text:decompress:lzss:__TI_decompress_lzss)
                  00002c3c    00000064     driverlib.lib : interrupt.obj (.text:IntIsEnabled)
                  00002ca0    00000060                   : interrupt.obj (.text:IntDisable)
                  00002d00    00000060                   : interrupt.obj (.text:IntEnable)
                  00002d60    00000050                   : sysctl.obj (.text:SysCtlPeripheralReset)
                  00002db0    00000048                   : gpio.obj (.text:GPIOPinConfigure)
                  00002df8    00000048                   : i2c.obj (.text:I2CMasterInitExpClk)
                  00002e40    00000048     rtsv7M4_T_le_v4SPD16_eabi.lib : fd_toi_t2.asm.obj (.text)
                  00002e88    00000044                                   : autoinit.c.obj (.text:__TI_auto_init_nobinit_nopinit:__TI_auto_init_nobinit_nopinit)
                  00002ecc    00000036     i2cm_drv.obj (.text:I2CMRead)
                  00002f02    00000036     i2cm_drv.obj (.text:I2CMWrite)
                  00002f38    00000036     i2cm_drv.obj (.text:I2CMWriteBatched)
                  00002f6e    00000002     --HOLE-- [fill = 0]
                  00002f70    00000034     driverlib.lib : sysctl.obj (.text:SysCtlPeripheralEnable)
                  00002fa4    00000034     rtsv7M4_T_le_v4SPD16_eabi.lib : boot_cortex_m.c.obj (.text:_c_int00_noargs:_c_int00_noargs)
                  00002fd8    0000002e                                   : i_tofd_t2.asm.obj (.text)
                  00003006    0000002a     driverlib.lib : gpio.obj (.text:GPIODirModeSet)
                  00003030    0000001c     rtsv7M4_T_le_v4SPD16_eabi.lib : copy_zero_init.c.obj (.text:decompress:ZI:__TI_zero_init_nomemset:__TI_zero_init_nomemset)
                  0000304c    00000018                                   : strcmp.c.obj (.text:strcmp)
                  00003064    00000012     driverlib.lib : gpio.obj (.text:GPIOPinTypeI2C)
                  00003076    00000012                   : gpio.obj (.text:GPIOPinTypeI2CSCL)
                  00003088    0000000e     rtsv7M4_T_le_v4SPD16_eabi.lib : copy_decompress_none.c.obj (.text:decompress:none:__TI_decompress_none)
                  00003096    00000002     --HOLE-- [fill = 0]
                  00003098    0000000c     driverlib.lib : interrupt.obj (.text:IntTrigger)
                  000030a4    0000000c     tm4c123gh6pm_startup_ccs.obj (.text)
                  000030b0    0000000a     driverlib.lib : i2c.obj (.text:I2CMasterEnable)
                  000030ba    00000008                   : i2c.obj (.text:I2CMasterBusy)
                  000030c2    00000008                   : i2c.obj (.text:I2CMasterIntClear)
                  000030ca    00000008                   : i2c.obj (.text:I2CMasterIntEnableEx)
                  000030d2    00000008                   : i2c.obj (.text:I2CMasterSlaveAddrSet)
                  000030da    00000002     --HOLE-- [fill = 0]
                  000030dc    00000008     rtsv7M4_T_le_v4SPD16_eabi.lib : errno.c.obj (.text:__aeabi_errno_addr)
                  000030e4    00000006     driverlib.lib : sysctl.obj (.text:SysCtlDelay)
                  000030ea    00000004                   : i2c.obj (.text:I2CMasterControl)
                  000030ee    00000004                   : i2c.obj (.text:I2CMasterDataGet)
                  000030f2    00000004                   : i2c.obj (.text:I2CMasterDataPut)
                  000030f6    00000004     rtsv7M4_T_le_v4SPD16_eabi.lib : pre_init.c.obj (.text:_system_pre_init)
                  000030fa    00000004                                   : exit.c.obj (.text:abort:abort)

.const     0    00003100    00000174     
                  00003100    00000090     driverlib.lib : gpio.obj (.const:g_pui32GPIOBaseAddrs)
                  00003190    00000070                   : interrupt.obj (.const)
                  00003200    0000006c                   : sysctl.obj (.const:g_pui32Xtals)
                  0000326c    00000008     main.obj (.const)

.cinit     0    00003278    00000050     
                  00003278    0000002c     (.cinit..data.load) [load image, compression = lzss]
                  000032a4    0000000c     (__TI_handler_table)
                  000032b0    00000008     (.cinit..bss.load) [load image, compression = zero_init]
                  000032b8    00000010     (__TI_cinit_table)

.init_array 
*          0    00000000    00000000     UNINITIALIZED

.bss       0    20000200    00000180     UNINITIALIZED
                  20000200    00000124     (.common:g_sI2CMSimpleInst)
                  20000324    00000001     (.common:g_bMPU6050Done)
                  20000325    00000003     --HOLE--
                  20000328    00000030     mpu6050.obj (.bss)
                  20000358    00000010     mpu6050.obj (.bss:MPU6050_Buf_14_uint8)
                  20000368    00000010     mpu6050.obj (.bss:MPU6050_Buf_7_int16)
                  20000378    00000008     (.common:loop_time)

.data      0    20000380    00000040     UNINITIALIZED
                  20000380    00000020     I2C.obj (.data)
                  200003a0    0000001c     main.obj (.data)
                  200003bc    00000004     rtsv7M4_T_le_v4SPD16_eabi.lib : errno.c.obj (.data)

.stack     0    20000000    00000200     UNINITIALIZED
                  20000000    00000004     rtsv7M4_T_le_v4SPD16_eabi.lib : boot_cortex_m.c.obj (.stack)
                  20000004    000001fc     --HOLE--

__llvm_prf_cnts 
*          0    20000000    00000000     UNINITIALIZED

MODULE SUMMARY

       Module                         code    ro data   rw data
       ------                         ----    -------   -------
    .\
       i2cm_drv.obj                   3218    0         0      
       mpu6050.obj                    2304    0         80     
       main.obj                       936     8         329    
       tm4c123gh6pm_startup_ccs.obj   12      620       0      
    +--+------------------------------+-------+---------+---------+
       Total:                         6470    628       409    
                                                               
    .\I2C\
       I2C.obj                        812     0         32     
    +--+------------------------------+-------+---------+---------+
       Total:                         812     0         32     
                                                               
    C:/ti/TivaWare_C_Series-2.0.1.11577/driverlib/ccs/Debug/driverlib.lib
       sysctl.obj                     598     108       0      
       gpio.obj                       454     144       0      
       interrupt.obj                  304     112       0      
       i2c.obj                        126     0         0      
    +--+------------------------------+-------+---------+---------+
       Total:                         1482    364       0      
                                                               
    C:\ti\ccs1210\ccs\tools\compiler\ti-cgt-arm_20.2.7.LTS\lib\rtsv7M4_T_le_v4SPD16_eabi.lib
       e_asin.c.obj                   980     0         0      
       fd_add_t2.asm.obj              438     0         0      
       e_sqrt.c.obj                   344     0         0      
       fd_div_t2.asm.obj              310     0         0      
       fd_mul_t2.asm.obj              252     0         0      
       memcpy_t2.asm.obj              156     0         0      
       fd_cmp_t2.asm.obj              134     0         0      
       fd_tos_t2.asm.obj              110     0         0      
       copy_decompress_lzss.c.obj     104     0         0      
       fd_toi_t2.asm.obj              72      0         0      
       autoinit.c.obj                 68      0         0      
       boot_cortex_m.c.obj            52      0         0      
       i_tofd_t2.asm.obj              46      0         0      
       copy_zero_init.c.obj           28      0         0      
       strcmp.c.obj                   24      0         0      
       copy_decompress_none.c.obj     14      0         0      
       errno.c.obj                    8       0         4      
       exit.c.obj                     4       0         0      
       pre_init.c.obj                 4       0         0      
    +--+------------------------------+-------+---------+---------+
       Total:                         3148    0         4      
                                                               
       Stack:                         0       0         512    
       Linker Generated:              0       80        0      
    +--+------------------------------+-------+---------+---------+
       Grand Total:                   11912   1072      957    


LINKER GENERATED COPY TABLES

__TI_cinit_table @ 000032b8 records: 2, size/record: 8, table size: 16
	.data: load addr=00003278, load size=0000002c bytes, run addr=20000380, run size=00000040 bytes, compression=lzss
	.bss: load addr=000032b0, load size=00000008 bytes, run addr=20000200, run size=00000180 bytes, compression=zero_init


LINKER GENERATED HANDLER TABLE

__TI_handler_table @ 000032a4 records: 3, size/record: 4, table size: 12
	index: 0, handler: __TI_decompress_lzss
	index: 1, handler: __TI_decompress_none
	index: 2, handler: __TI_zero_init


GLOBAL SYMBOLS: SORTED ALPHABETICALLY BY Name 

address   name                          
-------   ----                          
000030fb  C$$EXIT                       
00003007  GPIODirModeSet                
0000264b  GPIOPadConfigSet              
00002db1  GPIOPinConfigure              
00003065  GPIOPinTypeI2C                
00003077  GPIOPinTypeI2CSCL             
0000085d  I2CMCommand                   
00000807  I2CMInit                      
000006e9  I2CMIntHandler                
00002ecd  I2CMRead                      
00000d21  I2CMRead16BE                  
00000b47  I2CMReadModifyWrite16LE       
000009ff  I2CMReadModifyWrite8          
00001bbb  I2CMSimpleIntHandler          
00000929  I2CMTransferResume            
00002f03  I2CMWrite                     
00000de7  I2CMWrite16BE                 
00000c55  I2CMWrite8                    
00002f39  I2CMWriteBatched              
000030bb  I2CMasterBusy                 
000030eb  I2CMasterControl              
000030ef  I2CMasterDataGet              
000030f3  I2CMasterDataPut              
000030b1  I2CMasterEnable               
00002df9  I2CMasterInitExpClk           
000030c3  I2CMasterIntClear             
000030cb  I2CMasterIntEnableEx          
000030d3  I2CMasterSlaveAddrSet         
00001ed9  I2C_Config                    
000020a7  I2C_Read_bytes                
00001ff3  I2C_Write_bytes               
00001b31  InitI2C0                      
00002ca1  IntDisable                    
00002d01  IntEnable                     
00002c3d  IntIsEnabled                  
00003099  IntTrigger                    
00001ba9  MPU6050Callback               
00001bc5  MPU6050Example                
000010e3  MPU6050_Calib_Set             
00000fdf  MPU6050_Calibrate             
00000e5d  MPU6050_Config                
0000121d  MPU6050_Read                  
00001325  MPU6050_Read_Angle            
000014cd  MPU6050_Read_Comple_Angle     
00000f4f  MPU6050_Read_raw              
00001159  MPU6050_Read_raw_Calibrated   
000030a5  ResetISR                      
0000297d  SysCtlClockGet                
0000277d  SysCtlClockSet                
000030e5  SysCtlDelay                   
00002f71  SysCtlPeripheralEnable        
00002d61  SysCtlPeripheralReset         
20000200  __STACK_END                   
00000200  __STACK_SIZE                  
20000200  __STACK_TOP                   
000032b8  __TI_CINIT_Base               
000032c8  __TI_CINIT_Limit              
000032a4  __TI_Handler_Table_Base       
000032b0  __TI_Handler_Table_Limit      
00002e89  __TI_auto_init_nobinit_nopinit
00002bd5  __TI_decompress_lzss          
00003089  __TI_decompress_none          
ffffffff  __TI_pprof_out_hndl           
ffffffff  __TI_prof_data_size           
ffffffff  __TI_prof_data_start          
00000000  __TI_static_base__            
00003031  __TI_zero_init_nomemset       
00002ae1  __aeabi_cdrcmple              
00002b67  __aeabi_d2f                   
00002e41  __aeabi_d2iz                  
0000220f  __aeabi_dadd                  
00002515  __aeabi_ddiv                  
00002881  __aeabi_dmul                  
00002205  __aeabi_dsub                  
000030dd  __aeabi_errno_addr            
00002fd9  __aeabi_i2d                   
00002a45  __aeabi_memcpy                
00002a45  __aeabi_memcpy4               
00002a45  __aeabi_memcpy8               
ffffffff  __binit__                     
ffffffff  __c_args__                    
UNDEFED   __mpu_init                    
20000000  __stack                       
20000000  __start___llvm_prf_cnts       
20000000  __stop___llvm_prf_cnts        
00002fa5  _c_int00_noargs               
UNDEFED   _system_post_cinit            
000030f7  _system_pre_init              
000030fb  abort                         
0000175d  asin                          
0000175d  asinl                         
ffffffff  binit                         
00001b8d  delayMS                       
200003bc  errno                         
20000324  g_bMPU6050Done                
00000000  g_pfnVectors                  
20000200  g_sI2CMSimpleInst             
20000378  loop_time                     
00001e45  main                          
00002a45  memcpy                        
000023bd  sqrt                          
000023bd  sqrtl                         
0000304d  strcmp                        


GLOBAL SYMBOLS: SORTED BY Symbol Address 

address   name                          
-------   ----                          
00000000  __TI_static_base__            
00000000  g_pfnVectors                  
00000200  __STACK_SIZE                  
000006e9  I2CMIntHandler                
00000807  I2CMInit                      
0000085d  I2CMCommand                   
00000929  I2CMTransferResume            
000009ff  I2CMReadModifyWrite8          
00000b47  I2CMReadModifyWrite16LE       
00000c55  I2CMWrite8                    
00000d21  I2CMRead16BE                  
00000de7  I2CMWrite16BE                 
00000e5d  MPU6050_Config                
00000f4f  MPU6050_Read_raw              
00000fdf  MPU6050_Calibrate             
000010e3  MPU6050_Calib_Set             
00001159  MPU6050_Read_raw_Calibrated   
0000121d  MPU6050_Read                  
00001325  MPU6050_Read_Angle            
000014cd  MPU6050_Read_Comple_Angle     
0000175d  asin                          
0000175d  asinl                         
00001b31  InitI2C0                      
00001b8d  delayMS                       
00001ba9  MPU6050Callback               
00001bbb  I2CMSimpleIntHandler          
00001bc5  MPU6050Example                
00001e45  main                          
00001ed9  I2C_Config                    
00001ff3  I2C_Write_bytes               
000020a7  I2C_Read_bytes                
00002205  __aeabi_dsub                  
0000220f  __aeabi_dadd                  
000023bd  sqrt                          
000023bd  sqrtl                         
00002515  __aeabi_ddiv                  
0000264b  GPIOPadConfigSet              
0000277d  SysCtlClockSet                
00002881  __aeabi_dmul                  
0000297d  SysCtlClockGet                
00002a45  __aeabi_memcpy                
00002a45  __aeabi_memcpy4               
00002a45  __aeabi_memcpy8               
00002a45  memcpy                        
00002ae1  __aeabi_cdrcmple              
00002b67  __aeabi_d2f                   
00002bd5  __TI_decompress_lzss          
00002c3d  IntIsEnabled                  
00002ca1  IntDisable                    
00002d01  IntEnable                     
00002d61  SysCtlPeripheralReset         
00002db1  GPIOPinConfigure              
00002df9  I2CMasterInitExpClk           
00002e41  __aeabi_d2iz                  
00002e89  __TI_auto_init_nobinit_nopinit
00002ecd  I2CMRead                      
00002f03  I2CMWrite                     
00002f39  I2CMWriteBatched              
00002f71  SysCtlPeripheralEnable        
00002fa5  _c_int00_noargs               
00002fd9  __aeabi_i2d                   
00003007  GPIODirModeSet                
00003031  __TI_zero_init_nomemset       
0000304d  strcmp                        
00003065  GPIOPinTypeI2C                
00003077  GPIOPinTypeI2CSCL             
00003089  __TI_decompress_none          
00003099  IntTrigger                    
000030a5  ResetISR                      
000030b1  I2CMasterEnable               
000030bb  I2CMasterBusy                 
000030c3  I2CMasterIntClear             
000030cb  I2CMasterIntEnableEx          
000030d3  I2CMasterSlaveAddrSet         
000030dd  __aeabi_errno_addr            
000030e5  SysCtlDelay                   
000030eb  I2CMasterControl              
000030ef  I2CMasterDataGet              
000030f3  I2CMasterDataPut              
000030f7  _system_pre_init              
000030fb  C$$EXIT                       
000030fb  abort                         
000032a4  __TI_Handler_Table_Base       
000032b0  __TI_Handler_Table_Limit      
000032b8  __TI_CINIT_Base               
000032c8  __TI_CINIT_Limit              
20000000  __stack                       
20000000  __start___llvm_prf_cnts       
20000000  __stop___llvm_prf_cnts        
20000200  __STACK_END                   
20000200  __STACK_TOP                   
20000200  g_sI2CMSimpleInst             
20000324  g_bMPU6050Done                
20000378  loop_time                     
200003bc  errno                         
ffffffff  __TI_pprof_out_hndl           
ffffffff  __TI_prof_data_size           
ffffffff  __TI_prof_data_start          
ffffffff  __binit__                     
ffffffff  __c_args__                    
ffffffff  binit                         
UNDEFED   __mpu_init                    
UNDEFED   _system_post_cinit            

[103 symbols]
