******************************************************************************
                  TI ARM Linker PC v18.12.1                    
******************************************************************************
>> Linked Tue Oct 17 17:23:12 2023

OUTPUT FILE NAME:   <lab05.out>
ENTRY POINT SYMBOL: "_c_int00_noinit_noargs"  address: 00000829


MEMORY CONFIGURATION

         name            origin    length      used     unused   attr    fill
----------------------  --------  ---------  --------  --------  ----  --------
  FLASH                 00000000   00040000  00000ad0  0003f530  R  X
  SRAM                  20000000   00008000  00000200  00007e00  RW X


SEGMENT ALLOCATION MAP

run origin  load origin   length   init length attrs members
----------  ----------- ---------- ----------- ----- -------
00000000    00000000    00000ad0   00000ad0    r-x
  00000000    00000000    0000026c   0000026c    r-- .intvecs
  0000026c    0000026c    000006f8   000006f8    r-x .text
  00000964    00000964    0000016c   0000016c    r-- .const
20000000    20000000    00000200   00000000    rw-
  20000000    20000000    00000200   00000000    rw- .stack


SECTION ALLOCATION MAP

 output                                  attributes/
section   page    origin      length       input sections
--------  ----  ----------  ----------   ----------------
.intvecs   0    00000000    0000026c     
                  00000000    0000026c     tm4c123gh6pm_startup_ccs.obj (.intvecs)

.text      0    0000026c    000006f8     
                  0000026c    00000158     main.obj (.text)
                  000003c4    00000132     driverlib.lib : gpio.obj (.text:GPIOPadConfigSet)
                  000004f6    00000002     --HOLE-- [fill = 0]
                  000004f8    00000110                   : sysctl.obj (.text:SysCtlClockGet)
                  00000608    000000f4                   : sysctl.obj (.text:SysCtlClockSet)
                  000006fc    00000068                   : interrupt.obj (.text:IntEnable)
                  00000764    00000048                   : gpio.obj (.text:GPIOPinConfigure)
                  000007ac    00000046                   : uart.obj (.text:UARTConfigSetExpClk)
                  000007f2    00000002     --HOLE-- [fill = 0]
                  000007f4    00000034                   : sysctl.obj (.text:SysCtlPeripheralEnable)
                  00000828    0000002c     rtsv7M4_T_le_v4SPD16_eabi.lib : boot_cortex_m.c.obj (.text:_c_int00_noinit_noargs:_c_int00_noinit_noargs)
                  00000854    0000002a     driverlib.lib : gpio.obj (.text:GPIODirModeSet)
                  0000087e    00000002     --HOLE-- [fill = 0]
                  00000880    00000020                   : uart.obj (.text:UARTDisable)
                  000008a0    00000018                   : gpio.obj (.text:GPIOPinTypeGPIOOutput)
                  000008b8    00000014                   : uart.obj (.text:UARTEnable)
                  000008cc    00000012                   : gpio.obj (.text:GPIOPinTypeUART)
                  000008de    00000010                   : interrupt.obj (.text:IntMasterEnable)
                  000008ee    0000000e                   : uart.obj (.text:UARTCharGetNonBlocking)
                  000008fc    0000000e                   : uart.obj (.text:UARTCharPutNonBlocking)
                  0000090a    0000000e                   : uart.obj (.text:UARTCharsAvail)
                  00000918    0000000c                   : cpu.obj (.text:CPUcpsie)
                  00000924    0000000c     tm4c123gh6pm_startup_ccs.obj (.text)
                  00000930    0000000a     driverlib.lib : uart.obj (.text:UARTCharPut)
                  0000093a    0000000a                   : uart.obj (.text:UARTIntStatus)
                  00000944    00000008                   : uart.obj (.text:UARTIntEnable)
                  0000094c    00000006                   : gpio.obj (.text:GPIOPinWrite)
                  00000952    00000006                   : sysctl.obj (.text:SysCtlDelay)
                  00000958    00000004                   : uart.obj (.text:UARTIntClear)
                  0000095c    00000004     rtsv7M4_T_le_v4SPD16_eabi.lib : pre_init.c.obj (.text:_system_pre_init)
                  00000960    00000004                                   : exit.c.obj (.text:abort:abort)

.const     0    00000964    0000016c     
                  00000964    00000090     driverlib.lib : gpio.obj (.const:g_pui32GPIOBaseAddrs)
                  000009f4    00000070                   : interrupt.obj (.const)
                  00000a64    0000006c                   : sysctl.obj (.const:g_pui32Xtals)

.cinit     0    00000000    00000000     UNINITIALIZED

.init_array 
*          0    00000000    00000000     UNINITIALIZED

.stack     0    20000000    00000200     UNINITIALIZED
                  20000000    00000004     rtsv7M4_T_le_v4SPD16_eabi.lib : boot_cortex_m.c.obj (.stack)
                  20000004    000001fc     --HOLE--

MODULE SUMMARY

       Module                         code   ro data   rw data
       ------                         ----   -------   -------
    .\
       tm4c123gh6pm_startup_ccs.obj   12     620       0      
       main.obj                       344    0         0      
    +--+------------------------------+------+---------+---------+
       Total:                         356    620       0      
                                                              
    C:/ti/TivaWare_C_Series-2.1.4.178/driverlib/ccs/Debug/driverlib.lib
       sysctl.obj                     574    108       0      
       gpio.obj                       468    144       0      
       interrupt.obj                  120    112       0      
       uart.obj                       196    0         0      
       cpu.obj                        12     0         0      
    +--+------------------------------+------+---------+---------+
       Total:                         1370   364       0      
                                                              
    C:\ti\ccs901\ccs\tools\compiler\ti-cgt-arm_18.12.1.LTS\lib\rtsv7M4_T_le_v4SPD16_eabi.lib
       boot_cortex_m.c.obj            44     0         0      
       exit.c.obj                     4      0         0      
       pre_init.c.obj                 4      0         0      
    +--+------------------------------+------+---------+---------+
       Total:                         52     0         0      
                                                              
       Stack:                         0      0         512    
    +--+------------------------------+------+---------+---------+
       Grand Total:                   1778   984       512    


GLOBAL SYMBOLS: SORTED ALPHABETICALLY BY Name 

address   name                  
-------   ----                  
00000961  C$$EXIT               
00000919  CPUcpsie              
00000855  GPIODirModeSet        
000003c5  GPIOPadConfigSet      
00000765  GPIOPinConfigure      
000008a1  GPIOPinTypeGPIOOutput 
000008cd  GPIOPinTypeUART       
0000094d  GPIOPinWrite          
000006fd  IntEnable             
000008df  IntMasterEnable       
00000925  ResetISR              
000004f9  SysCtlClockGet        
00000609  SysCtlClockSet        
00000953  SysCtlDelay           
000007f5  SysCtlPeripheralEnable
000008ef  UARTCharGetNonBlocking
00000931  UARTCharPut           
000008fd  UARTCharPutNonBlocking
0000090b  UARTCharsAvail        
000007ad  UARTConfigSetExpClk   
00000881  UARTDisable           
000008b9  UARTEnable            
00000959  UARTIntClear          
00000945  UARTIntEnable         
0000032d  UARTIntHandler        
0000093b  UARTIntStatus         
20000200  __STACK_END           
00000200  __STACK_SIZE          
20000200  __STACK_TOP           
ffffffff  __TI_pprof_out_hndl   
ffffffff  __TI_prof_data_size   
ffffffff  __TI_prof_data_start  
00000000  __TI_static_base__    
ffffffff  __binit__             
ffffffff  __c_args__            
UNDEFED   __mpu_init            
20000000  __stack               
00000829  _c_int00_noinit_noargs
0000095d  _system_pre_init      
00000961  abort                 
ffffffff  binit                 
00000000  g_pfnVectors          
0000026d  main                  


GLOBAL SYMBOLS: SORTED BY Symbol Address 

address   name                  
-------   ----                  
00000000  __TI_static_base__    
00000000  g_pfnVectors          
00000200  __STACK_SIZE          
0000026d  main                  
0000032d  UARTIntHandler        
000003c5  GPIOPadConfigSet      
000004f9  SysCtlClockGet        
00000609  SysCtlClockSet        
000006fd  IntEnable             
00000765  GPIOPinConfigure      
000007ad  UARTConfigSetExpClk   
000007f5  SysCtlPeripheralEnable
00000829  _c_int00_noinit_noargs
00000855  GPIODirModeSet        
00000881  UARTDisable           
000008a1  GPIOPinTypeGPIOOutput 
000008b9  UARTEnable            
000008cd  GPIOPinTypeUART       
000008df  IntMasterEnable       
000008ef  UARTCharGetNonBlocking
000008fd  UARTCharPutNonBlocking
0000090b  UARTCharsAvail        
00000919  CPUcpsie              
00000925  ResetISR              
00000931  UARTCharPut           
0000093b  UARTIntStatus         
00000945  UARTIntEnable         
0000094d  GPIOPinWrite          
00000953  SysCtlDelay           
00000959  UARTIntClear          
0000095d  _system_pre_init      
00000961  C$$EXIT               
00000961  abort                 
20000000  __stack               
20000200  __STACK_END           
20000200  __STACK_TOP           
ffffffff  __TI_pprof_out_hndl   
ffffffff  __TI_prof_data_size   
ffffffff  __TI_prof_data_start  
ffffffff  __binit__             
ffffffff  __c_args__            
ffffffff  binit                 
UNDEFED   __mpu_init            

[43 symbols]
