******************************************************************************
                  TI ARM Linker PC v18.12.1                    
******************************************************************************
>> Linked Tue Oct 24 17:46:19 2023

OUTPUT FILE NAME:   <lab06.out>
ENTRY POINT SYMBOL: "_c_int00_noinit_noargs"  address: 00000b69


MEMORY CONFIGURATION

         name            origin    length      used     unused   attr    fill
----------------------  --------  ---------  --------  --------  ----  --------
  FLASH                 00000000   00040000  00000e20  0003f1e0  R  X
  SRAM                  20000000   00008000  00000200  00007e00  RW X


SEGMENT ALLOCATION MAP

run origin  load origin   length   init length attrs members
----------  ----------- ---------- ----------- ----- -------
00000000    00000000    00000e20   00000e20    r-x
  00000000    00000000    0000026c   0000026c    r-- .intvecs
  0000026c    0000026c    00000a48   00000a48    r-x .text
  00000cb4    00000cb4    0000016c   0000016c    r-- .const
20000000    20000000    00000200   00000000    rw-
  20000000    20000000    00000200   00000000    rw- .stack


SECTION ALLOCATION MAP

 output                                  attributes/
section   page    origin      length       input sections
--------  ----  ----------  ----------   ----------------
.intvecs   0    00000000    0000026c     
                  00000000    0000026c     tm4c123gh6pm_startup_ccs.obj (.intvecs)

.text      0    0000026c    00000a48     
                  0000026c    0000039c     main.obj (.text)
                  00000608    00000132     driverlib.lib : gpio.obj (.text:GPIOPadConfigSet)
                  0000073a    00000002     --HOLE-- [fill = 0]
                  0000073c    00000110                   : sysctl.obj (.text:SysCtlClockGet)
                  0000084c    000000f4                   : sysctl.obj (.text:SysCtlClockSet)
                  00000940    0000007a                   : adc.obj (.text:ADCSequenceStepConfigure)
                  000009ba    00000002     --HOLE-- [fill = 0]
                  000009bc    00000068                   : interrupt.obj (.text:IntEnable)
                  00000a24    00000050                   : adc.obj (.text:ADCSequenceConfigure)
                  00000a74    00000048                   : gpio.obj (.text:GPIOPinConfigure)
                  00000abc    00000046                   : uart.obj (.text:UARTConfigSetExpClk)
                  00000b02    00000002     --HOLE-- [fill = 0]
                  00000b04    00000034                   : sysctl.obj (.text:SysCtlPeripheralEnable)
                  00000b38    0000002e                   : adc.obj (.text:ADCIntStatus)
                  00000b66    00000002     --HOLE-- [fill = 0]
                  00000b68    0000002c     rtsv7M4_T_le_v4SPD16_eabi.lib : boot_cortex_m.c.obj (.text:_c_int00_noinit_noargs:_c_int00_noinit_noargs)
                  00000b94    0000002a     driverlib.lib : gpio.obj (.text:GPIODirModeSet)
                  00000bbe    00000002     --HOLE-- [fill = 0]
                  00000bc0    00000020                   : uart.obj (.text:UARTDisable)
                  00000be0    0000001e                   : adc.obj (.text:ADCSequenceDataGet)
                  00000bfe    00000018                   : adc.obj (.text:ADCProcessorTrigger)
                  00000c16    00000018                   : gpio.obj (.text:GPIOPinTypeGPIOOutput)
                  00000c2e    00000014                   : uart.obj (.text:UARTEnable)
                  00000c42    00000012                   : gpio.obj (.text:GPIOPinTypeUART)
                  00000c54    00000010                   : interrupt.obj (.text:IntMasterEnable)
                  00000c64    0000000e                   : adc.obj (.text:ADCSequenceEnable)
                  00000c72    0000000c                   : cpu.obj (.text:CPUcpsie)
                  00000c7e    0000000c     tm4c123gh6pm_startup_ccs.obj (.text)
                  00000c8a    0000000a     driverlib.lib : adc.obj (.text:ADCIntClear)
                  00000c94    0000000a                   : uart.obj (.text:UARTCharPut)
                  00000c9e    00000008                   : uart.obj (.text:UARTIntEnable)
                  00000ca6    00000006                   : sysctl.obj (.text:SysCtlDelay)
                  00000cac    00000004     rtsv7M4_T_le_v4SPD16_eabi.lib : pre_init.c.obj (.text:_system_pre_init)
                  00000cb0    00000004                                   : exit.c.obj (.text:abort:abort)

.const     0    00000cb4    0000016c     
                  00000cb4    00000090     driverlib.lib : gpio.obj (.const:g_pui32GPIOBaseAddrs)
                  00000d44    00000070                   : interrupt.obj (.const)
                  00000db4    0000006c                   : sysctl.obj (.const:g_pui32Xtals)

.cinit     0    00000000    00000000     UNINITIALIZED

.init_array 
*          0    00000000    00000000     UNINITIALIZED

.stack     0    20000000    00000200     UNINITIALIZED
                  20000000    00000004     rtsv7M4_T_le_v4SPD16_eabi.lib : boot_cortex_m.c.obj (.stack)
                  20000004    000001fc     --HOLE--

MODULE SUMMARY

       Module                         code   ro data   rw data
       ------                         ----   -------   -------
    .\
       main.obj                       924    0         0      
       tm4c123gh6pm_startup_ccs.obj   12     620       0      
    +--+------------------------------+------+---------+---------+
       Total:                         936    620       0      
                                                              
    C:/ti/TivaWare_C_Series-2.1.4.178/driverlib/ccs/Debug/driverlib.lib
       sysctl.obj                     574    108       0      
       gpio.obj                       462    144       0      
       adc.obj                        326    0         0      
       interrupt.obj                  120    112       0      
       uart.obj                       140    0         0      
       cpu.obj                        12     0         0      
    +--+------------------------------+------+---------+---------+
       Total:                         1634   364       0      
                                                              
    C:\ti\ccs901\ccs\tools\compiler\ti-cgt-arm_18.12.1.LTS\lib\rtsv7M4_T_le_v4SPD16_eabi.lib
       boot_cortex_m.c.obj            44     0         0      
       exit.c.obj                     4      0         0      
       pre_init.c.obj                 4      0         0      
    +--+------------------------------+------+---------+---------+
       Total:                         52     0         0      
                                                              
       Stack:                         0      0         512    
    +--+------------------------------+------+---------+---------+
       Grand Total:                   2622   984       512    


GLOBAL SYMBOLS: SORTED ALPHABETICALLY BY Name 

address   name                    
-------   ----                    
00000c8b  ADCIntClear             
00000b39  ADCIntStatus            
00000bff  ADCProcessorTrigger     
00000a25  ADCSequenceConfigure    
00000be1  ADCSequenceDataGet      
00000c65  ADCSequenceEnable       
00000941  ADCSequenceStepConfigure
00000cb1  C$$EXIT                 
00000c73  CPUcpsie                
00000b95  GPIODirModeSet          
00000609  GPIOPadConfigSet        
00000a75  GPIOPinConfigure        
00000c17  GPIOPinTypeGPIOOutput   
00000c43  GPIOPinTypeUART         
000009bd  IntEnable               
00000c55  IntMasterEnable         
00000c7f  ResetISR                
0000073d  SysCtlClockGet          
0000084d  SysCtlClockSet          
00000ca7  SysCtlDelay             
00000b05  SysCtlPeripheralEnable  
00000c95  UARTCharPut             
00000abd  UARTConfigSetExpClk     
00000bc1  UARTDisable             
00000c2f  UARTEnable              
00000c9f  UARTIntEnable           
000005f9  UARTIntHandler          
20000200  __STACK_END             
00000200  __STACK_SIZE            
20000200  __STACK_TOP             
ffffffff  __TI_pprof_out_hndl     
ffffffff  __TI_prof_data_size     
ffffffff  __TI_prof_data_start    
00000000  __TI_static_base__      
ffffffff  __binit__               
ffffffff  __c_args__              
UNDEFED   __mpu_init              
20000000  __stack                 
00000b69  _c_int00_noinit_noargs  
00000cad  _system_pre_init        
00000cb1  abort                   
ffffffff  binit                   
0000026d  delayMs                 
00000000  g_pfnVectors            
000002af  main                    


GLOBAL SYMBOLS: SORTED BY Symbol Address 

address   name                    
-------   ----                    
00000000  __TI_static_base__      
00000000  g_pfnVectors            
00000200  __STACK_SIZE            
0000026d  delayMs                 
000002af  main                    
000005f9  UARTIntHandler          
00000609  GPIOPadConfigSet        
0000073d  SysCtlClockGet          
0000084d  SysCtlClockSet          
00000941  ADCSequenceStepConfigure
000009bd  IntEnable               
00000a25  ADCSequenceConfigure    
00000a75  GPIOPinConfigure        
00000abd  UARTConfigSetExpClk     
00000b05  SysCtlPeripheralEnable  
00000b39  ADCIntStatus            
00000b69  _c_int00_noinit_noargs  
00000b95  GPIODirModeSet          
00000bc1  UARTDisable             
00000be1  ADCSequenceDataGet      
00000bff  ADCProcessorTrigger     
00000c17  GPIOPinTypeGPIOOutput   
00000c2f  UARTEnable              
00000c43  GPIOPinTypeUART         
00000c55  IntMasterEnable         
00000c65  ADCSequenceEnable       
00000c73  CPUcpsie                
00000c7f  ResetISR                
00000c8b  ADCIntClear             
00000c95  UARTCharPut             
00000c9f  UARTIntEnable           
00000ca7  SysCtlDelay             
00000cad  _system_pre_init        
00000cb1  C$$EXIT                 
00000cb1  abort                   
20000000  __stack                 
20000200  __STACK_END             
20000200  __STACK_TOP             
ffffffff  __TI_pprof_out_hndl     
ffffffff  __TI_prof_data_size     
ffffffff  __TI_prof_data_start    
ffffffff  __binit__               
ffffffff  __c_args__              
ffffffff  binit                   
UNDEFED   __mpu_init              

[45 symbols]
